Copyright 1986-2018 Xilinx, Inc. All Rights Reserved.
------------------------------------------------------------------------------------
| Tool Version : Vivado v.2018.3 (win64) Build 2405991 Thu Dec  6 23:38:27 MST 2018
| Date         : Mon Mar 25 18:23:17 2019
| Host         : DESKTOP-AOQ4M3I running 64-bit major release  (build 9200)
| Command      : report_control_sets -verbose -file top_control_sets_placed.rpt
| Design       : top
| Device       : xc7a35ti
------------------------------------------------------------------------------------

Control Set Information

Table of Contents
-----------------
1. Summary
2. Histogram
3. Flip-Flop Distribution
4. Detailed Control Set Information

1. Summary
----------

+----------------------------------------------------------+-------+
|                          Status                          | Count |
+----------------------------------------------------------+-------+
| Number of unique control sets                            |   302 |
| Unused register locations in slices containing registers |    95 |
+----------------------------------------------------------+-------+


2. Histogram
------------

+--------+--------------+
| Fanout | Control Sets |
+--------+--------------+
|      1 |            1 |
|      3 |            1 |
|      4 |            5 |
|      5 |            1 |
|      6 |            1 |
|      8 |            5 |
|     10 |            4 |
|     12 |          256 |
|     14 |            1 |
|     15 |            1 |
|    16+ |           26 |
+--------+--------------+


3. Flip-Flop Distribution
-------------------------

+--------------+-----------------------+------------------------+-----------------+--------------+
| Clock Enable | Synchronous Set/Reset | Asynchronous Set/Reset | Total Registers | Total Slices |
+--------------+-----------------------+------------------------+-----------------+--------------+
| No           | No                    | No                     |              15 |           11 |
| No           | No                    | Yes                    |               0 |            0 |
| No           | Yes                   | No                     |              66 |           29 |
| Yes          | No                    | No                     |               0 |            0 |
| Yes          | No                    | Yes                    |               0 |            0 |
| Yes          | Yes                   | No                     |             264 |          118 |
+--------------+-----------------------+------------------------+-----------------+--------------+


4. Detailed Control Set Information
-----------------------------------

+---------------------+-----------------------------------------------+---------------------------------------+------------------+----------------+
|     Clock Signal    |                 Enable Signal                 |            Set/Reset Signal           | Slice Load Count | Bel Load Count |
+---------------------+-----------------------------------------------+---------------------------------------+------------------+----------------+
|  clk0/inst/clk_out1 | dap/uart/tx_i_1_n_0                           | reset                                 |                1 |              1 |
|  clk0/inst/clk_out1 | dap/bf/errorCode[2]_i_2_n_0                   | dap/bf/errorCode[2]_i_1_n_0           |                1 |              3 |
|  clk0/inst/clk_out1 | dap/bf/branchJumpNest                         | dap/bf/branchJumpNest[3]_i_1_n_0      |                1 |              4 |
|  clk0/inst/clk_out1 | dap/bf/E[0]                                   | reset                                 |                1 |              4 |
|  clk0/inst/clk_out1 | dap/fifoBfToUart/outData                      | reset                                 |                2 |              4 |
|  clk0/inst/clk_out1 | dap/uart/rxActive_reg_n_0                     | dap/uart/rxDurationCounter[7]_i_1_n_0 |                1 |              4 |
|  clk0/inst/clk_out1 | dap/uart/txTrigger_reg_n_0                    | dap/uart/txCounter[3]_i_1_n_0         |                1 |              4 |
|  clk0/inst/clk_out1 | dap/bf/inst[6]_i_1_n_0                        | reset                                 |                5 |              5 |
|  clk0/inst/clk_out1 | dap/uart/rxDurationCounter[9]_i_1_n_0         | reset                                 |                2 |              6 |
|  clk0/inst/clk_out1 | dap/bf/stdoutData[7]_i_1_n_0                  | reset                                 |                4 |              8 |
|  clk0/inst/clk_out1 | dap/bf/stackData[7]_i_1_n_0                   | reset                                 |                6 |              8 |
|  clk0/inst/clk_out1 | dap/fifoBfToUart/E[0]                         | reset                                 |                1 |              8 |
|  clk0/inst/clk_out1 | dap/fifoBfToUart/outData                      | dap/uart/SR[0]                        |                2 |              8 |
|  clk0/inst/clk_out1 | dap/uart/rxData[7]_i_2_n_0                    | dap/uart/rxData[7]_i_1_n_0            |                3 |              8 |
|  clk0/inst/clk_out1 | dap/chatterRun/trigger_reg_n_0                | reset                                 |                2 |             10 |
|  clk0/inst/clk_out1 | dap/bf/stackPtr                               | dap/bf/pc[13]_i_1_n_0                 |                3 |             10 |
|  clk0/inst/clk_out1 | dap/uart/txActive_reg_0                       | dap/uart/txDurationCounter[9]_i_1_n_0 |                3 |             10 |
|  clk0/inst/clk_out1 | dap/chatterProgram/trigger                    | reset                                 |                4 |             10 |
|  clk0/inst/clk_out1 | dap/bf/instMem_reg_r1_8960_9023_0_2_i_1_n_0   |                                       |                4 |             12 |
|  clk0/inst/clk_out1 | dap/bf/instMem_reg_r1_9088_9151_0_2_i_1_n_0   |                                       |                4 |             12 |
|  clk0/inst/clk_out1 | dap/bf/instMem_reg_r1_9408_9471_0_2_i_1_n_0   |                                       |                4 |             12 |
|  clk0/inst/clk_out1 | dap/bf/instMem_reg_r1_9344_9407_0_2_i_1_n_0   |                                       |                4 |             12 |
|  clk0/inst/clk_out1 | dap/bf/instMem_reg_r1_9280_9343_0_2_i_1_n_0   |                                       |                4 |             12 |
|  clk0/inst/clk_out1 | dap/bf/instMem_reg_r1_9216_9279_0_2_i_1_n_0   |                                       |                4 |             12 |
|  clk0/inst/clk_out1 | dap/bf/instMem_reg_r1_9152_9215_0_2_i_1_n_0   |                                       |                4 |             12 |
|  clk0/inst/clk_out1 | dap/bf/instMem_reg_r1_9472_9535_0_2_i_1_n_0   |                                       |                4 |             12 |
|  clk0/inst/clk_out1 | dap/bf/instMem_reg_r1_4736_4799_0_2_i_1_n_0   |                                       |                4 |             12 |
|  clk0/inst/clk_out1 | dap/bf/instMem_reg_r1_448_511_0_2_i_1_n_0     |                                       |                4 |             12 |
|  clk0/inst/clk_out1 | dap/bf/instMem_reg_r1_4544_4607_0_2_i_1_n_0   |                                       |                4 |             12 |
|  clk0/inst/clk_out1 | dap/bf/instMem_reg_r1_4800_4863_0_2_i_1_n_0   |                                       |                4 |             12 |
|  clk0/inst/clk_out1 | dap/bf/instMem_reg_r1_4608_4671_0_2_i_1_n_0   |                                       |                4 |             12 |
|  clk0/inst/clk_out1 | dap/bf/instMem_reg_r1_4672_4735_0_2_i_1_n_0   |                                       |                4 |             12 |
|  clk0/inst/clk_out1 | dap/bf/instMem_reg_r1_4928_4991_0_2_i_1_n_0   |                                       |                4 |             12 |
|  clk0/inst/clk_out1 | dap/bf/instMem_reg_r1_5120_5183_0_2_i_1_n_0   |                                       |                4 |             12 |
|  clk0/inst/clk_out1 | dap/bf/instMem_reg_r1_4992_5055_0_2_i_1_n_0   |                                       |                4 |             12 |
|  clk0/inst/clk_out1 | dap/bf/instMem_reg_r1_4864_4927_0_2_i_1_n_0   |                                       |                4 |             12 |
|  clk0/inst/clk_out1 | dap/bf/instMem_reg_r1_512_575_0_2_i_1_n_0     |                                       |                4 |             12 |
|  clk0/inst/clk_out1 | dap/bf/instMem_reg_r1_5184_5247_0_2_i_1_n_0   |                                       |                4 |             12 |
|  clk0/inst/clk_out1 | dap/bf/instMem_reg_r1_7488_7551_0_2_i_1_n_0   |                                       |                4 |             12 |
|  clk0/inst/clk_out1 | dap/bf/instMem_reg_r1_5632_5695_0_2_i_1_n_0   |                                       |                4 |             12 |
|  clk0/inst/clk_out1 | dap/bf/instMem_reg_r1_5248_5311_0_2_i_1_n_0   |                                       |                4 |             12 |
|  clk0/inst/clk_out1 | dap/bf/instMem_reg_r1_5568_5631_0_2_i_1_n_0   |                                       |                4 |             12 |
|  clk0/inst/clk_out1 | dap/bf/instMem_reg_r1_5440_5503_0_2_i_1_n_0   |                                       |                4 |             12 |
|  clk0/inst/clk_out1 | dap/bf/instMem_reg_r1_5376_5439_0_2_i_1_n_0   |                                       |                4 |             12 |
|  clk0/inst/clk_out1 | dap/bf/instMem_reg_r1_5504_5567_0_2_i_1_n_0   |                                       |                4 |             12 |
|  clk0/inst/clk_out1 | dap/bf/instMem_reg_r1_5312_5375_0_2_i_1_n_0   |                                       |                4 |             12 |
|  clk0/inst/clk_out1 | dap/bf/instMem_reg_r1_5760_5823_0_2_i_1_n_0   |                                       |                4 |             12 |
|  clk0/inst/clk_out1 | dap/bf/instMem_reg_r1_5824_5887_0_2_i_1_n_0   |                                       |                4 |             12 |
|  clk0/inst/clk_out1 | dap/bf/instMem_reg_r1_5952_6015_0_2_i_1_n_0   |                                       |                4 |             12 |
|  clk0/inst/clk_out1 | dap/bf/instMem_reg_r1_5696_5759_0_2_i_1_n_0   |                                       |                4 |             12 |
|  clk0/inst/clk_out1 | dap/bf/instMem_reg_r1_6016_6079_0_2_i_1_n_0   |                                       |                4 |             12 |
|  clk0/inst/clk_out1 | dap/bf/instMem_reg_r1_5888_5951_0_2_i_1_n_0   |                                       |                4 |             12 |
|  clk0/inst/clk_out1 | dap/bf/instMem_reg_r1_576_639_0_2_i_1_n_0     |                                       |                4 |             12 |
|  clk0/inst/clk_out1 | dap/bf/instMem_reg_r1_6144_6207_0_2_i_1_n_0   |                                       |                4 |             12 |
|  clk0/inst/clk_out1 | dap/bf/instMem_reg_r1_6336_6399_0_2_i_1_n_0   |                                       |                4 |             12 |
|  clk0/inst/clk_out1 | dap/bf/instMem_reg_r1_6400_6463_0_2_i_1_n_0   |                                       |                4 |             12 |
|  clk0/inst/clk_out1 | dap/bf/instMem_reg_r1_6272_6335_0_2_i_1_n_0   |                                       |                4 |             12 |
|  clk0/inst/clk_out1 | dap/bf/instMem_reg_r1_6208_6271_0_2_i_1_n_0   |                                       |                4 |             12 |
|  clk0/inst/clk_out1 | dap/bf/instMem_reg_r1_6080_6143_0_2_i_1_n_0   |                                       |                4 |             12 |
|  clk0/inst/clk_out1 | dap/bf/instMem_reg_r1_640_703_0_2_i_1_n_0     |                                       |                4 |             12 |
|  clk0/inst/clk_out1 | dap/bf/instMem_reg_r1_6656_6719_0_2_i_1_n_0   |                                       |                4 |             12 |
|  clk0/inst/clk_out1 | dap/bf/instMem_reg_r1_6464_6527_0_2_i_1_n_0   |                                       |                4 |             12 |
|  clk0/inst/clk_out1 | dap/bf/instMem_reg_r1_64_127_0_2_i_1_n_0      |                                       |                4 |             12 |
|  clk0/inst/clk_out1 | dap/bf/instMem_reg_r1_6592_6655_0_2_i_1_n_0   |                                       |                4 |             12 |
|  clk0/inst/clk_out1 | dap/bf/instMem_reg_r1_6720_6783_0_2_i_1_n_0   |                                       |                4 |             12 |
|  clk0/inst/clk_out1 | dap/bf/instMem_reg_r1_6528_6591_0_2_i_1_n_0   |                                       |                4 |             12 |
|  clk0/inst/clk_out1 | dap/bf/instMem_reg_r1_6912_6975_0_2_i_1_n_0   |                                       |                4 |             12 |
|  clk0/inst/clk_out1 | dap/bf/instMem_reg_r1_6848_6911_0_2_i_1_n_0   |                                       |                4 |             12 |
|  clk0/inst/clk_out1 | dap/bf/instMem_reg_r1_6976_7039_0_2_i_1_n_0   |                                       |                4 |             12 |
|  clk0/inst/clk_out1 | dap/bf/instMem_reg_r1_704_767_0_2_i_1_n_0     |                                       |                4 |             12 |
|  clk0/inst/clk_out1 | dap/bf/instMem_reg_r1_7040_7103_0_2_i_1_n_0   |                                       |                4 |             12 |
|  clk0/inst/clk_out1 | dap/bf/instMem_reg_r1_6784_6847_0_2_i_1_n_0   |                                       |                4 |             12 |
|  clk0/inst/clk_out1 | dap/bf/instMem_reg_r1_7104_7167_0_2_i_1_n_0   |                                       |                4 |             12 |
|  clk0/inst/clk_out1 | dap/bf/instMem_reg_r1_7168_7231_0_2_i_1_n_0   |                                       |                4 |             12 |
|  clk0/inst/clk_out1 | dap/bf/instMem_reg_r1_7360_7423_0_2_i_1_n_0   |                                       |                4 |             12 |
|  clk0/inst/clk_out1 | dap/bf/instMem_reg_r1_7552_7615_0_2_i_1_n_0   |                                       |                4 |             12 |
|  clk0/inst/clk_out1 | dap/bf/instMem_reg_r1_7296_7359_0_2_i_1_n_0   |                                       |                4 |             12 |
|  clk0/inst/clk_out1 | dap/bf/instMem_reg_r1_7424_7487_0_2_i_1_n_0   |                                       |                4 |             12 |
|  clk0/inst/clk_out1 | dap/bf/instMem_reg_r1_7232_7295_0_2_i_1_n_0   |                                       |                4 |             12 |
|  clk0/inst/clk_out1 | dap/bf/instMem_reg_r1_7616_7679_0_2_i_1_n_0   |                                       |                4 |             12 |
|  clk0/inst/clk_out1 | dap/bf/instMem_reg_r1_7680_7743_0_2_i_1_n_0   |                                       |                4 |             12 |
|  clk0/inst/clk_out1 | dap/bf/instMem_reg_r1_768_831_0_2_i_1_n_0     |                                       |                4 |             12 |
|  clk0/inst/clk_out1 | dap/bf/instMem_reg_r1_7808_7871_0_2_i_1_n_0   |                                       |                4 |             12 |
|  clk0/inst/clk_out1 | dap/bf/instMem_reg_r1_7744_7807_0_2_i_1_n_0   |                                       |                4 |             12 |
|  clk0/inst/clk_out1 | dap/bf/instMem_reg_r1_7936_7999_0_2_i_1_n_0   |                                       |                4 |             12 |
|  clk0/inst/clk_out1 | dap/bf/instMem_reg_r1_7872_7935_0_2_i_1_n_0   |                                       |                4 |             12 |
|  clk0/inst/clk_out1 | dap/bf/instMem_reg_r1_8128_8191_0_2_i_1_n_0   |                                       |                4 |             12 |
|  clk0/inst/clk_out1 | dap/bf/instMem_reg_r1_8064_8127_0_2_i_1_n_0   |                                       |                4 |             12 |
|  clk0/inst/clk_out1 | dap/bf/instMem_reg_r1_8256_8319_0_2_i_1_n_0   |                                       |                4 |             12 |
|  clk0/inst/clk_out1 | dap/bf/instMem_reg_r1_8000_8063_0_2_i_1_n_0   |                                       |                4 |             12 |
|  clk0/inst/clk_out1 | dap/bf/instMem_reg_r1_8192_8255_0_2_i_1_n_0   |                                       |                4 |             12 |
|  clk0/inst/clk_out1 | dap/bf/instMem_reg_r1_13696_13759_0_2_i_1_n_0 |                                       |                4 |             12 |
|  clk0/inst/clk_out1 | dap/bf/instMem_reg_r1_13632_13695_0_2_i_1_n_0 |                                       |                4 |             12 |
|  clk0/inst/clk_out1 | dap/bf/instMem_reg_r1_13952_14015_0_2_i_1_n_0 |                                       |                4 |             12 |
|  clk0/inst/clk_out1 | dap/bf/instMem_reg_r1_13760_13823_0_2_i_1_n_0 |                                       |                4 |             12 |
|  clk0/inst/clk_out1 | dap/bf/instMem_reg_r1_13888_13951_0_2_i_1_n_0 |                                       |                4 |             12 |
|  clk0/inst/clk_out1 | dap/bf/instMem_reg_r1_14016_14079_0_2_i_1_n_0 |                                       |                4 |             12 |
|  clk0/inst/clk_out1 | dap/bf/instMem_reg_r1_13824_13887_0_2_i_1_n_0 |                                       |                4 |             12 |
|  clk0/inst/clk_out1 | dap/bf/instMem_reg_r1_14144_14207_0_2_i_1_n_0 |                                       |                4 |             12 |
|  clk0/inst/clk_out1 | dap/bf/instMem_reg_r1_14400_14463_0_2_i_1_n_0 |                                       |                4 |             12 |
|  clk0/inst/clk_out1 | dap/bf/instMem_reg_r1_14080_14143_0_2_i_1_n_0 |                                       |                4 |             12 |
|  clk0/inst/clk_out1 | dap/bf/instMem_reg_r1_14336_14399_0_2_i_1_n_0 |                                       |                4 |             12 |
|  clk0/inst/clk_out1 | dap/bf/instMem_reg_r1_14208_14271_0_2_i_1_n_0 |                                       |                4 |             12 |
|  clk0/inst/clk_out1 | dap/bf/instMem_reg_r1_1408_1471_0_2_i_1_n_0   |                                       |                4 |             12 |
|  clk0/inst/clk_out1 | dap/bf/instMem_reg_r1_14272_14335_0_2_i_1_n_0 |                                       |                4 |             12 |
|  clk0/inst/clk_out1 | dap/bf/instMem_reg_r1_1472_1535_0_2_i_1_n_0   |                                       |                4 |             12 |
|  clk0/inst/clk_out1 | dap/bf/instMem_reg_r1_14528_14591_0_2_i_1_n_0 |                                       |                4 |             12 |
|  clk0/inst/clk_out1 | dap/bf/instMem_reg_r1_14592_14655_0_2_i_1_n_0 |                                       |                4 |             12 |
|  clk0/inst/clk_out1 | dap/bf/instMem_reg_r1_14720_14783_0_2_i_1_n_0 |                                       |                4 |             12 |
|  clk0/inst/clk_out1 | dap/bf/instMem_reg_r1_14784_14847_0_2_i_1_n_0 |                                       |                4 |             12 |
|  clk0/inst/clk_out1 | dap/bf/instMem_reg_r1_14656_14719_0_2_i_1_n_0 |                                       |                4 |             12 |
|  clk0/inst/clk_out1 | dap/bf/instMem_reg_r1_14464_14527_0_2_i_1_n_0 |                                       |                4 |             12 |
|  clk0/inst/clk_out1 | dap/bf/instMem_reg_r1_15232_15295_0_2_i_1_n_0 |                                       |                4 |             12 |
|  clk0/inst/clk_out1 | dap/bf/instMem_reg_r1_15040_15103_0_2_i_1_n_0 |                                       |                4 |             12 |
|  clk0/inst/clk_out1 | dap/bf/instMem_reg_r1_14976_15039_0_2_i_1_n_0 |                                       |                4 |             12 |
|  clk0/inst/clk_out1 | dap/bf/instMem_reg_r1_14848_14911_0_2_i_1_n_0 |                                       |                4 |             12 |
|  clk0/inst/clk_out1 | dap/bf/instMem_reg_r1_15168_15231_0_2_i_1_n_0 |                                       |                4 |             12 |
|  clk0/inst/clk_out1 | dap/bf/instMem_reg_r1_14912_14975_0_2_i_1_n_0 |                                       |                4 |             12 |
|  clk0/inst/clk_out1 | dap/bf/instMem_reg_r1_15104_15167_0_2_i_1_n_0 |                                       |                4 |             12 |
|  clk0/inst/clk_out1 | dap/bf/instMem_reg_r1_15360_15423_0_2_i_1_n_0 |                                       |                4 |             12 |
|  clk0/inst/clk_out1 | dap/bf/instMem_reg_r1_1536_1599_0_2_i_1_n_0   |                                       |                4 |             12 |
|  clk0/inst/clk_out1 | dap/bf/instMem_reg_r1_15296_15359_0_2_i_1_n_0 |                                       |                4 |             12 |
|  clk0/inst/clk_out1 | dap/bf/instMem_reg_r1_15488_15551_0_2_i_1_n_0 |                                       |                4 |             12 |
|  clk0/inst/clk_out1 | dap/bf/instMem_reg_r1_15424_15487_0_2_i_1_n_0 |                                       |                4 |             12 |
|  clk0/inst/clk_out1 | dap/bf/instMem_reg_r1_15552_15615_0_2_i_1_n_0 |                                       |                4 |             12 |
|  clk0/inst/clk_out1 | dap/bf/instMem_reg_r1_15616_15679_0_2_i_1_n_0 |                                       |                4 |             12 |
|  clk0/inst/clk_out1 | dap/bf/instMem_reg_r1_16000_16063_0_2_i_1_n_0 |                                       |                4 |             12 |
|  clk0/inst/clk_out1 | dap/bf/instMem_reg_r1_15744_15807_0_2_i_1_n_0 |                                       |                4 |             12 |
|  clk0/inst/clk_out1 | dap/bf/instMem_reg_r1_15808_15871_0_2_i_1_n_0 |                                       |                4 |             12 |
|  clk0/inst/clk_out1 | dap/bf/instMem_reg_r1_15936_15999_0_2_i_1_n_0 |                                       |                4 |             12 |
|  clk0/inst/clk_out1 | dap/bf/instMem_reg_r1_1600_1663_0_2_i_1_n_0   |                                       |                4 |             12 |
|  clk0/inst/clk_out1 | dap/bf/instMem_reg_r1_15872_15935_0_2_i_1_n_0 |                                       |                4 |             12 |
|  clk0/inst/clk_out1 | dap/bf/instMem_reg_r1_15680_15743_0_2_i_1_n_0 |                                       |                4 |             12 |
|  clk0/inst/clk_out1 | dap/bf/instMem_reg_r1_16320_16383_0_2_i_1_n_0 |                                       |                4 |             12 |
|  clk0/inst/clk_out1 | dap/bf/instMem_reg_r1_16192_16255_0_2_i_1_n_0 |                                       |                4 |             12 |
|  clk0/inst/clk_out1 | dap/bf/instMem_reg_r1_16064_16127_0_2_i_1_n_0 |                                       |                4 |             12 |
|  clk0/inst/clk_out1 | dap/bf/instMem_reg_r1_16256_16319_0_2_i_1_n_0 |                                       |                4 |             12 |
|  clk0/inst/clk_out1 | dap/bf/instMem_reg_r1_16128_16191_0_2_i_1_n_0 |                                       |                4 |             12 |
|  clk0/inst/clk_out1 | dap/bf/instMem_reg_r1_1664_1727_0_2_i_1_n_0   |                                       |                4 |             12 |
|  clk0/inst/clk_out1 | dap/bf/instMem_reg_r1_1728_1791_0_2_i_1_n_0   |                                       |                4 |             12 |
|  clk0/inst/clk_out1 | dap/bf/instMem_reg_r1_2048_2111_0_2_i_1_n_0   |                                       |                4 |             12 |
|  clk0/inst/clk_out1 | dap/bf/instMem_reg_r1_1856_1919_0_2_i_1_n_0   |                                       |                4 |             12 |
|  clk0/inst/clk_out1 | dap/bf/instMem_reg_r1_1792_1855_0_2_i_1_n_0   |                                       |                4 |             12 |
|  clk0/inst/clk_out1 | dap/bf/instMem_reg_r1_192_255_0_2_i_1_n_0     |                                       |                4 |             12 |
|  clk0/inst/clk_out1 | dap/bf/instMem_reg_r1_1984_2047_0_2_i_1_n_0   |                                       |                4 |             12 |
|  clk0/inst/clk_out1 | dap/bf/instMem_reg_r1_1920_1983_0_2_i_1_n_0   |                                       |                4 |             12 |
|  clk0/inst/clk_out1 | dap/bf/instMem_reg_r1_2240_2303_0_2_i_1_n_0   |                                       |                4 |             12 |
|  clk0/inst/clk_out1 | dap/bf/instMem_reg_r1_2432_2495_0_2_i_1_n_0   |                                       |                4 |             12 |
|  clk0/inst/clk_out1 | dap/bf/instMem_reg_r1_2176_2239_0_2_i_1_n_0   |                                       |                4 |             12 |
|  clk0/inst/clk_out1 | dap/bf/instMem_reg_r1_2368_2431_0_2_i_1_n_0   |                                       |                4 |             12 |
|  clk0/inst/clk_out1 | dap/bf/instMem_reg_r1_2496_2559_0_2_i_1_n_0   |                                       |                4 |             12 |
|  clk0/inst/clk_out1 | dap/bf/instMem_reg_r1_2112_2175_0_2_i_1_n_0   |                                       |                4 |             12 |
|  clk0/inst/clk_out1 | dap/bf/instMem_reg_r1_2304_2367_0_2_i_1_n_0   |                                       |                4 |             12 |
|  clk0/inst/clk_out1 | dap/bf/instMem_reg_r1_2560_2623_0_2_i_1_n_0   |                                       |                4 |             12 |
|  clk0/inst/clk_out1 | dap/bf/instMem_reg_r1_256_319_0_2_i_1_n_0     |                                       |                4 |             12 |
|  clk0/inst/clk_out1 | dap/bf/instMem_reg_r1_2624_2687_0_2_i_1_n_0   |                                       |                4 |             12 |
|  clk0/inst/clk_out1 | dap/bf/instMem_reg_r1_2752_2815_0_2_i_1_n_0   |                                       |                4 |             12 |
|  clk0/inst/clk_out1 | dap/bf/instMem_reg_r1_2816_2879_0_2_i_1_n_0   |                                       |                4 |             12 |
|  clk0/inst/clk_out1 | dap/bf/instMem_reg_r1_2880_2943_0_2_i_1_n_0   |                                       |                4 |             12 |
|  clk0/inst/clk_out1 | dap/bf/instMem_reg_r1_2688_2751_0_2_i_1_n_0   |                                       |                4 |             12 |
|  clk0/inst/clk_out1 | dap/bf/instMem_reg_r1_2944_3007_0_2_i_1_n_0   |                                       |                4 |             12 |
|  clk0/inst/clk_out1 | dap/bf/instMem_reg_r1_320_383_0_2_i_1_n_0     |                                       |                4 |             12 |
|  clk0/inst/clk_out1 | dap/bf/instMem_reg_r1_3136_3199_0_2_i_1_n_0   |                                       |                4 |             12 |
|  clk0/inst/clk_out1 | dap/bf/instMem_reg_r1_3072_3135_0_2_i_1_n_0   |                                       |                4 |             12 |
|  clk0/inst/clk_out1 | dap/bf/instMem_reg_r1_3008_3071_0_2_i_1_n_0   |                                       |                4 |             12 |
|  clk0/inst/clk_out1 | dap/bf/instMem_reg_r1_3200_3263_0_2_i_1_n_0   |                                       |                4 |             12 |
|  clk0/inst/clk_out1 | dap/bf/instMem_reg_r1_3264_3327_0_2_i_1_n_0   |                                       |                4 |             12 |
|  clk0/inst/clk_out1 | dap/bf/instMem_reg_r1_3648_3711_0_2_i_1_n_0   |                                       |                4 |             12 |
|  clk0/inst/clk_out1 | dap/bf/instMem_reg_r1_3392_3455_0_2_i_1_n_0   |                                       |                4 |             12 |
|  clk0/inst/clk_out1 | dap/bf/instMem_reg_r1_3520_3583_0_2_i_1_n_0   |                                       |                4 |             12 |
|  clk0/inst/clk_out1 | dap/bf/instMem_reg_r1_3328_3391_0_2_i_1_n_0   |                                       |                4 |             12 |
|  clk0/inst/clk_out1 | dap/bf/instMem_reg_r1_3456_3519_0_2_i_1_n_0   |                                       |                4 |             12 |
|  clk0/inst/clk_out1 | dap/bf/instMem_reg_r1_3584_3647_0_2_i_1_n_0   |                                       |                4 |             12 |
|  clk0/inst/clk_out1 | dap/bf/instMem_reg_r1_3968_4031_0_2_i_1_n_0   |                                       |                4 |             12 |
|  clk0/inst/clk_out1 | dap/bf/instMem_reg_r1_3776_3839_0_2_i_1_n_0   |                                       |                4 |             12 |
|  clk0/inst/clk_out1 | dap/bf/instMem_reg_r1_3904_3967_0_2_i_1_n_0   |                                       |                4 |             12 |
|  clk0/inst/clk_out1 | dap/bf/instMem_reg_r1_3712_3775_0_2_i_1_n_0   |                                       |                4 |             12 |
|  clk0/inst/clk_out1 | dap/bf/instMem_reg_r1_3840_3903_0_2_i_1_n_0   |                                       |                4 |             12 |
|  clk0/inst/clk_out1 | dap/bf/instMem_reg_r1_384_447_0_2_i_1_n_0     |                                       |                4 |             12 |
|  clk0/inst/clk_out1 | dap/bf/instMem_reg_r1_4032_4095_0_2_i_1_n_0   |                                       |                4 |             12 |
|  clk0/inst/clk_out1 | dap/bf/instMem_reg_r1_4096_4159_0_2_i_1_n_0   |                                       |                4 |             12 |
|  clk0/inst/clk_out1 | dap/bf/instMem_reg_r1_4160_4223_0_2_i_1_n_0   |                                       |                4 |             12 |
|  clk0/inst/clk_out1 | dap/bf/instMem_reg_r1_4224_4287_0_2_i_1_n_0   |                                       |                4 |             12 |
|  clk0/inst/clk_out1 | dap/bf/instMem_reg_r1_4480_4543_0_2_i_1_n_0   |                                       |                4 |             12 |
|  clk0/inst/clk_out1 | dap/bf/instMem_reg_r1_4416_4479_0_2_i_1_n_0   |                                       |                4 |             12 |
|  clk0/inst/clk_out1 | dap/bf/instMem_reg_r1_4288_4351_0_2_i_1_n_0   |                                       |                4 |             12 |
|  clk0/inst/clk_out1 | dap/bf/instMem_reg_r1_4352_4415_0_2_i_1_n_0   |                                       |                4 |             12 |
|  clk0/inst/clk_out1 | dap/bf/instMem_reg_r1_10176_10239_0_2_i_1_n_0 |                                       |                4 |             12 |
|  clk0/inst/clk_out1 | dap/bf/instMem_reg_r1_10112_10175_0_2_i_1_n_0 |                                       |                4 |             12 |
|  clk0/inst/clk_out1 | dap/bf/instMem_reg_r1_10240_10303_0_2_i_1_n_0 |                                       |                4 |             12 |
|  clk0/inst/clk_out1 | dap/bf/instMem_reg_r1_10048_10111_0_2_i_1_n_0 |                                       |                4 |             12 |
|  clk0/inst/clk_out1 | dap/bf/instMem_reg_r1_1024_1087_0_2_i_1_n_0   |                                       |                4 |             12 |
|  clk0/inst/clk_out1 | dap/bf/instMem_reg_r1_10304_10367_0_2_i_1_n_0 |                                       |                4 |             12 |
|  clk0/inst/clk_out1 | dap/bf/instMem_reg_r1_10624_10687_0_2_i_1_n_0 |                                       |                4 |             12 |
|  clk0/inst/clk_out1 | dap/bf/instMem_reg_r1_10496_10559_0_2_i_1_n_0 |                                       |                4 |             12 |
|  clk0/inst/clk_out1 | dap/bf/instMem_reg_r1_10560_10623_0_2_i_1_n_0 |                                       |                4 |             12 |
|  clk0/inst/clk_out1 | dap/bf/instMem_reg_r1_10368_10431_0_2_i_1_n_0 |                                       |                4 |             12 |
|  clk0/inst/clk_out1 | dap/bf/instMem_reg_r1_10432_10495_0_2_i_1_n_0 |                                       |                4 |             12 |
|  clk0/inst/clk_out1 | dap/bf/instMem_reg_r1_10688_10751_0_2_i_1_n_0 |                                       |                4 |             12 |
|  clk0/inst/clk_out1 | dap/bf/instMem_reg_r1_10752_10815_0_2_i_1_n_0 |                                       |                4 |             12 |
|  clk0/inst/clk_out1 | dap/bf/instMem_reg_r1_10880_10943_0_2_i_1_n_0 |                                       |                4 |             12 |
|  clk0/inst/clk_out1 | dap/bf/instMem_reg_r1_1088_1151_0_2_i_1_n_0   |                                       |                4 |             12 |
|  clk0/inst/clk_out1 | dap/bf/instMem_reg_r1_11072_11135_0_2_i_1_n_0 |                                       |                4 |             12 |
|  clk0/inst/clk_out1 | dap/bf/instMem_reg_r1_10816_10879_0_2_i_1_n_0 |                                       |                4 |             12 |
|  clk0/inst/clk_out1 | dap/bf/instMem_reg_r1_10944_11007_0_2_i_1_n_0 |                                       |                4 |             12 |
|  clk0/inst/clk_out1 | dap/bf/instMem_reg_r1_11008_11071_0_2_i_1_n_0 |                                       |                4 |             12 |
|  clk0/inst/clk_out1 | dap/bf/instMem_reg_r1_11456_11519_0_2_i_1_n_0 |                                       |                4 |             12 |
|  clk0/inst/clk_out1 | dap/bf/instMem_reg_r1_11328_11391_0_2_i_1_n_0 |                                       |                4 |             12 |
|  clk0/inst/clk_out1 | dap/bf/instMem_reg_r1_11200_11263_0_2_i_1_n_0 |                                       |                4 |             12 |
|  clk0/inst/clk_out1 | dap/bf/instMem_reg_r1_1152_1215_0_2_i_1_n_0   |                                       |                4 |             12 |
|  clk0/inst/clk_out1 | dap/bf/instMem_reg_r1_11136_11199_0_2_i_1_n_0 |                                       |                4 |             12 |
|  clk0/inst/clk_out1 | dap/bf/instMem_reg_r1_11264_11327_0_2_i_1_n_0 |                                       |                4 |             12 |
|  clk0/inst/clk_out1 | dap/bf/instMem_reg_r1_11392_11455_0_2_i_1_n_0 |                                       |                4 |             12 |
|  clk0/inst/clk_out1 | dap/bf/instMem_reg_r1_11520_11583_0_2_i_1_n_0 |                                       |                4 |             12 |
|  clk0/inst/clk_out1 | dap/bf/instMem_reg_r1_11712_11775_0_2_i_1_n_0 |                                       |                4 |             12 |
|  clk0/inst/clk_out1 | dap/bf/instMem_reg_r1_11904_11967_0_2_i_1_n_0 |                                       |                4 |             12 |
|  clk0/inst/clk_out1 | dap/bf/instMem_reg_r1_11968_12031_0_2_i_1_n_0 |                                       |                4 |             12 |
|  clk0/inst/clk_out1 | dap/bf/instMem_reg_r1_11776_11839_0_2_i_1_n_0 |                                       |                4 |             12 |
|  clk0/inst/clk_out1 | dap/bf/instMem_reg_r1_11840_11903_0_2_i_1_n_0 |                                       |                4 |             12 |
|  clk0/inst/clk_out1 | dap/bf/instMem_reg_r1_11584_11647_0_2_i_1_n_0 |                                       |                4 |             12 |
|  clk0/inst/clk_out1 | dap/bf/instMem_reg_r1_11648_11711_0_2_i_1_n_0 |                                       |                4 |             12 |
|  clk0/inst/clk_out1 | dap/bf/instMem_reg_r1_12288_12351_0_2_i_1_n_0 |                                       |                4 |             12 |
|  clk0/inst/clk_out1 | dap/bf/instMem_reg_r1_12096_12159_0_2_i_1_n_0 |                                       |                4 |             12 |
|  clk0/inst/clk_out1 | dap/bf/instMem_reg_r1_12032_12095_0_2_i_1_n_0 |                                       |                4 |             12 |
|  clk0/inst/clk_out1 | dap/bf/instMem_reg_r1_12224_12287_0_2_i_1_n_0 |                                       |                4 |             12 |
|  clk0/inst/clk_out1 | dap/bf/instMem_reg_r1_1216_1279_0_2_i_1_n_0   |                                       |                4 |             12 |
|  clk0/inst/clk_out1 | dap/bf/instMem_reg_r1_12672_12735_0_2_i_1_n_0 |                                       |                4 |             12 |
|  clk0/inst/clk_out1 | dap/bf/instMem_reg_r1_12480_12543_0_2_i_1_n_0 |                                       |                4 |             12 |
|  clk0/inst/clk_out1 | dap/bf/instMem_reg_r1_12608_12671_0_2_i_1_n_0 |                                       |                4 |             12 |
|  clk0/inst/clk_out1 | dap/bf/instMem_reg_r1_12416_12479_0_2_i_1_n_0 |                                       |                4 |             12 |
|  clk0/inst/clk_out1 | dap/bf/instMem_reg_r1_12736_12799_0_2_i_1_n_0 |                                       |                4 |             12 |
|  clk0/inst/clk_out1 | dap/bf/instMem_reg_r1_12352_12415_0_2_i_1_n_0 |                                       |                4 |             12 |
|  clk0/inst/clk_out1 | dap/bf/instMem_reg_r1_12544_12607_0_2_i_1_n_0 |                                       |                4 |             12 |
|  clk0/inst/clk_out1 | dap/bf/instMem_reg_r1_12992_13055_0_2_i_1_n_0 |                                       |                4 |             12 |
|  clk0/inst/clk_out1 | dap/bf/instMem_reg_r1_1280_1343_0_2_i_1_n_0   |                                       |                4 |             12 |
|  clk0/inst/clk_out1 | dap/bf/instMem_reg_r1_13056_13119_0_2_i_1_n_0 |                                       |                4 |             12 |
|  clk0/inst/clk_out1 | dap/bf/instMem_reg_r1_12800_12863_0_2_i_1_n_0 |                                       |                4 |             12 |
|  clk0/inst/clk_out1 | dap/bf/instMem_reg_r1_12864_12927_0_2_i_1_n_0 |                                       |                4 |             12 |
|  clk0/inst/clk_out1 | dap/bf/instMem_reg_r1_12928_12991_0_2_i_1_n_0 |                                       |                4 |             12 |
|  clk0/inst/clk_out1 | dap/bf/instMem_reg_r1_128_191_0_2_i_1_n_0     |                                       |                4 |             12 |
|  clk0/inst/clk_out1 | dap/bf/instMem_reg_r1_13184_13247_0_2_i_1_n_0 |                                       |                4 |             12 |
|  clk0/inst/clk_out1 | dap/bf/instMem_reg_r1_13312_13375_0_2_i_1_n_0 |                                       |                4 |             12 |
|  clk0/inst/clk_out1 | dap/bf/instMem_reg_r1_13248_13311_0_2_i_1_n_0 |                                       |                4 |             12 |
|  clk0/inst/clk_out1 | dap/bf/instMem_reg_r1_1344_1407_0_2_i_1_n_0   |                                       |                4 |             12 |
|  clk0/inst/clk_out1 | dap/bf/instMem_reg_r1_13120_13183_0_2_i_1_n_0 |                                       |                4 |             12 |
|  clk0/inst/clk_out1 | dap/bf/instMem_reg_r1_13440_13503_0_2_i_1_n_0 |                                       |                4 |             12 |
|  clk0/inst/clk_out1 | dap/bf/instMem_reg_r1_13376_13439_0_2_i_1_n_0 |                                       |                4 |             12 |
|  clk0/inst/clk_out1 | dap/bf/instMem_reg_r1_13504_13567_0_2_i_1_n_0 |                                       |                4 |             12 |
|  clk0/inst/clk_out1 | dap/bf/instMem_reg_r1_13568_13631_0_2_i_1_n_0 |                                       |                4 |             12 |
|  clk0/inst/clk_out1 | dap/bf/instMem_reg_r1_12160_12223_0_2_i_1_n_0 |                                       |                4 |             12 |
|  clk0/inst/clk_out1 | dap/bf/instMem_reg_r1_5056_5119_0_2_i_1_n_0   |                                       |                4 |             12 |
|  clk0/inst/clk_out1 | dap/bf/instMem_reg_r1_8640_8703_0_2_i_1_n_0   |                                       |                4 |             12 |
|  clk0/inst/clk_out1 | dap/bf/instMem_reg_r1_960_1023_0_2_i_1_n_0    |                                       |                4 |             12 |
|  clk0/inst/clk_out1 | dap/bf/instMem_reg_r1_9600_9663_0_2_i_1_n_0   |                                       |                4 |             12 |
|  clk0/inst/clk_out1 | dap/bf/instMem_reg_r1_9728_9791_0_2_i_1_n_0   |                                       |                4 |             12 |
|  clk0/inst/clk_out1 | dap/bf/instMem_reg_r1_9856_9919_0_2_i_1_n_0   |                                       |                4 |             12 |
|  clk0/inst/clk_out1 | dap/bf/instMem_reg_r1_9664_9727_0_2_i_1_n_0   |                                       |                4 |             12 |
|  clk0/inst/clk_out1 | dap/bf/instMem_reg_r1_9792_9855_0_2_i_1_n_0   |                                       |                4 |             12 |
|  clk0/inst/clk_out1 | dap/bf/instMem_reg_r1_9536_9599_0_2_i_1_n_0   |                                       |                4 |             12 |
|  clk0/inst/clk_out1 | dap/bf/instMem_reg_r1_9920_9983_0_2_i_1_n_0   |                                       |                4 |             12 |
|  clk0/inst/clk_out1 | dap/bf/instMem_reg_r1_9984_10047_0_2_i_1_n_0  |                                       |                4 |             12 |
|  clk0/inst/clk_out1 | dap/bf/instMem_reg_r1_8448_8511_0_2_i_1_n_0   |                                       |                4 |             12 |
|  clk0/inst/clk_out1 | dap/bf/instMem_reg_r1_8384_8447_0_2_i_1_n_0   |                                       |                4 |             12 |
|  clk0/inst/clk_out1 | dap/bf/instMem_reg_r1_8576_8639_0_2_i_1_n_0   |                                       |                4 |             12 |
|  clk0/inst/clk_out1 | dap/bf/instMem_reg_r1_8320_8383_0_2_i_1_n_0   |                                       |                4 |             12 |
|  clk0/inst/clk_out1 | dap/bf/instMem_reg_r1_8512_8575_0_2_i_1_n_0   |                                       |                4 |             12 |
|  clk0/inst/clk_out1 | dap/bf/instMem_reg_r1_832_895_0_2_i_1_n_0     |                                       |                4 |             12 |
|  clk0/inst/clk_out1 | dap/bf/instMem_reg_r1_9024_9087_0_2_i_1_n_0   |                                       |                4 |             12 |
|  clk0/inst/clk_out1 | dap/uart/rxTrigger                            | dap/uart/rxCounter                    |                2 |             12 |
|  clk0/inst/clk_out1 | dap/bf/instMem_reg_r1_8768_8831_0_2_i_1_n_0   |                                       |                4 |             12 |
|  clk0/inst/clk_out1 | dap/bf/instMem_reg_r1_8896_8959_0_2_i_1_n_0   |                                       |                4 |             12 |
|  clk0/inst/clk_out1 | dap/bf/instMem_reg_r1_8704_8767_0_2_i_1_n_0   |                                       |                4 |             12 |
|  clk0/inst/clk_out1 | dap/bf/instMem_reg_r1_8832_8895_0_2_i_1_n_0   |                                       |                4 |             12 |
|  clk0/inst/clk_out1 | dap/bf/instMem_reg_r1_896_959_0_2_i_1_n_0     |                                       |                4 |             12 |
|  clk0/inst/clk_out1 | dap/bf/pc[13]_i_2_n_0                         | dap/bf/pc[13]_i_1_n_0                 |                5 |             14 |
|  clk0/inst/clk_out1 |                                               |                                       |               11 |             15 |
|  clk0/inst/clk_out1 | dap/bf/p_1_in                                 |                                       |                2 |             16 |
|  clk0/inst/clk_out1 | dap/fifoUartToBf/mem_reg_0_15_0_5_i_1_n_0     |                                       |                2 |             16 |
|  clk0/inst/clk_out1 | dap/bf/branchStackData[13]_i_2_n_0            | dap/bf/branchStackData[13]_i_1_n_0    |                6 |             18 |
|  clk0/inst/clk_out1 |                                               | dap/chatterProgram/counter[0]_i_1_n_0 |                5 |             19 |
|  clk0/inst/clk_out1 |                                               | dap/chatterRun/counter[0]_i_1__0_n_0  |                5 |             19 |
|  clk0/inst/clk_out1 | dap/bf/stackMem_reg_r1_128_191_0_2_i_1_n_0    |                                       |                6 |             24 |
|  clk0/inst/clk_out1 | dap/bf/stackMem_reg_r1_256_319_0_2_i_1_n_0    |                                       |                6 |             24 |
|  clk0/inst/clk_out1 | dap/bf/stackMem_reg_r1_320_383_0_2_i_1_n_0    |                                       |                6 |             24 |
|  clk0/inst/clk_out1 | dap/bf/stackMem_reg_r1_192_255_0_2_i_1_n_0    |                                       |                6 |             24 |
|  clk0/inst/clk_out1 | dap/bf/stackMem_reg_r1_64_127_0_2_i_1_n_0     |                                       |                6 |             24 |
|  clk0/inst/clk_out1 | dap/bf/stackMem_reg_r1_448_511_0_2_i_1_n_0    |                                       |                6 |             24 |
|  clk0/inst/clk_out1 | dap/bf/stackMem_reg_r1_512_575_0_2_i_1_n_0    |                                       |                6 |             24 |
|  clk0/inst/clk_out1 | dap/bf/p_23_in                                |                                       |                3 |             24 |
|  clk0/inst/clk_out1 | dap/bf/stackMem_reg_r1_640_703_0_2_i_1_n_0    |                                       |                6 |             24 |
|  clk0/inst/clk_out1 | dap/bf/stackMem_reg_r1_704_767_0_2_i_1_n_0    |                                       |                6 |             24 |
|  clk0/inst/clk_out1 | dap/bf/instMem_reg_r1_0_63_0_2_i_1_n_0        |                                       |                7 |             24 |
|  clk0/inst/clk_out1 | dap/bf/stackMem_reg_r1_576_639_0_2_i_1_n_0    |                                       |                6 |             24 |
|  clk0/inst/clk_out1 | dap/bf/stackMem_reg_r1_960_1023_0_2_i_1_n_0   |                                       |                6 |             24 |
|  clk0/inst/clk_out1 | dap/bf/stackMem_reg_r1_832_895_0_2_i_1_n_0    |                                       |                6 |             24 |
|  clk0/inst/clk_out1 | dap/bf/stackMem_reg_r1_896_959_0_2_i_1_n_0    |                                       |                6 |             24 |
|  clk0/inst/clk_out1 | dap/bf/stackMem_reg_r1_768_831_0_2_i_1_n_0    |                                       |                6 |             24 |
|  clk0/inst/clk_out1 | dap/bf/stackMem_reg_r1_384_447_0_2_i_1_n_0    |                                       |                6 |             24 |
|  clk0/inst/clk_out1 |                                               | reset                                 |               19 |             28 |
|  clk0/inst/clk_out1 | dap/fifoUartToBf/outData                      | dap/bf/programAck_reg_0               |               25 |             32 |
|  clk0/inst/clk_out1 | dap/bf/stackMem_reg_r1_0_63_0_2_i_4_n_0       |                                       |                9 |             36 |
|  clk0/inst/clk_out1 | dap/fifoUartToBf/fifoUartToBf_io_outValid     | dap/bf/programAddr[0]_i_1_n_0         |               37 |             73 |
+---------------------+-----------------------------------------------+---------------------------------------+------------------+----------------+


